// Jest Snapshot v1, https://goo.gl/fbAQLP

exports[`<Cart /> functions tests the Remove From Cart function 1`] = `
<section
  className="cart-page content"
>
  <ForwardRef
    fluid={false}
  >
    <ForwardRef
      noGutters={false}
    >
      <h1>
        Cart
      </h1>
    </ForwardRef>
    <ForwardRef
      noGutters={false}
    >
      <h5>
        You have ordered:
      </h5>
    </ForwardRef>
    <ForwardRef
      noGutters={false}
    >
      <ul
        className="collection"
      >
        <li
          className="collection__item"
        >
          <div
            className="collection__item__img"
          >
            <img
              alt="Winter body"
              src="../images/item1.jpg"
            />
          </div>
          <div
            className="collection__item__desc"
          >
            <h3>
              Winter body
            </h3>
            <p
              className="price"
            >
              £110
            </p>
            <p
              className="quantity"
            >
              Quantity: undefined
            </p>
            <div
              className="arrows"
            >
              <a
                href="#"
                onClick={[Function]}
              >
                <i
                  className="arrows__up"
                />
              </a>
              <a
                href="#"
                onClick={[Function]}
              >
                <i
                  className="arrows__down"
                />
              </a>
            </div>
            <button
              className="remove"
              onClick={[Function]}
              type="button"
            />
          </div>
        </li>
      </ul>
    </ForwardRef>
    <ForwardRef
      noGutters={false}
    >
      <Recipe
        addShipping={[Function]}
        shipping={false}
        subShipping={[Function]}
        total={0}
      />
    </ForwardRef>
  </ForwardRef>
</section>
`;

exports[`<Cart /> functions tests the add quantity function 1`] = `
<section
  className="cart-page content"
>
  <ForwardRef
    fluid={false}
  >
    <ForwardRef
      noGutters={false}
    >
      <h1>
        Cart
      </h1>
    </ForwardRef>
    <ForwardRef
      noGutters={false}
    >
      <h5>
        You have ordered:
      </h5>
    </ForwardRef>
    <ForwardRef
      noGutters={false}
    >
      <ul
        className="collection"
      >
        <li
          className="collection__item"
        >
          <div
            className="collection__item__img"
          >
            <img
              alt="Winter body"
              src="../images/item1.jpg"
            />
          </div>
          <div
            className="collection__item__desc"
          >
            <h3>
              Winter body
            </h3>
            <p
              className="price"
            >
              £110
            </p>
            <p
              className="quantity"
            >
              Quantity: undefined
            </p>
            <div
              className="arrows"
            >
              <a
                href="#"
                onClick={[Function]}
              >
                <i
                  className="arrows__up"
                />
              </a>
              <a
                href="#"
                onClick={[Function]}
              >
                <i
                  className="arrows__down"
                />
              </a>
            </div>
            <button
              className="remove"
              onClick={[Function]}
              type="button"
            />
          </div>
        </li>
      </ul>
    </ForwardRef>
    <ForwardRef
      noGutters={false}
    >
      <Recipe
        addShipping={[Function]}
        shipping={false}
        subShipping={[Function]}
        total={0}
      />
    </ForwardRef>
  </ForwardRef>
</section>
`;

exports[`<Cart /> functions tests the subtract quantity function 1`] = `
<section
  className="cart-page content"
>
  <ForwardRef
    fluid={false}
  >
    <ForwardRef
      noGutters={false}
    >
      <h1>
        Cart
      </h1>
    </ForwardRef>
    <ForwardRef
      noGutters={false}
    >
      <h5>
        You have ordered:
      </h5>
    </ForwardRef>
    <ForwardRef
      noGutters={false}
    >
      <ul
        className="collection"
      >
        <li
          className="collection__item"
        >
          <div
            className="collection__item__img"
          >
            <img
              alt="Winter body"
              src="../images/item1.jpg"
            />
          </div>
          <div
            className="collection__item__desc"
          >
            <h3>
              Winter body
            </h3>
            <p
              className="price"
            >
              £110
            </p>
            <p
              className="quantity"
            >
              Quantity: undefined
            </p>
            <div
              className="arrows"
            >
              <a
                href="#"
                onClick={[Function]}
              >
                <i
                  className="arrows__up"
                />
              </a>
              <a
                href="#"
                onClick={[Function]}
              >
                <i
                  className="arrows__down"
                />
              </a>
            </div>
            <button
              className="remove"
              onClick={[Function]}
              type="button"
            />
          </div>
        </li>
      </ul>
    </ForwardRef>
    <ForwardRef
      noGutters={false}
    >
      <Recipe
        addShipping={[Function]}
        shipping={false}
        subShipping={[Function]}
        total={0}
      />
    </ForwardRef>
  </ForwardRef>
</section>
`;
